==========================================
reduce in BIDIRECTIONAL-TELEPORT : initQState |= [H(2) ; CX(2,3) ; H(4) ; CX(4,
    5) ; CX(0,2) ; CX(1,5) ; H(0) ; H(1) ; if P(2,|0>) then skip else X(3) fi ;
    if P(0,|0>) then skip else Z(3) fi ; if P(5,|0>) then skip else X(4) fi ;
    if P(1,|0>) then skip else Z(4) fi]P(3,qubitAt(initQState, 0)) /\ P(4,
    qubitAt(initQState, 1)) .
result JudgmentSet: emptyJS
Bye.
