==========================================
reduce in ENTAGLE-SWAP : initQState |= [H(1) ; CX(1,0) ; H(3) ; CX(3,2) ; CX(0,
    3) ; H(0) ; if P(3,|0>) then skip else X(2) fi ; if P(0,|0>) then skip else
    Z(2) fi]P(1,2,EPR) .
result JudgementSet: emptyJS
Bye.
