==========================================
reduce in TWO-QUBIT-TELEPORT : initQState |= [H(2) ; H(3) ; CX(2,4) ; CX(3,5) ;
    CX(0,2) ; CX(1,3) ; H(0) ; H(1) ; if P(3,|0>) then skip else X(5) fi ; if
    P(2,|0>) then skip else X(4) fi ; if P(1,|0>) then skip else Z(5) fi ; if
    P(0,|0>) then skip else Z(4) fi]P(4,5,qubitAt(initQState, 0 1)) .
result JudgmentSet: emptyJS
Bye.
