==========================================
reduce in TWO-TELEPORT-CHECK : initQState |= [H(1) ; CX(1,2) ; H(3) ; CX(3,4) ;
    CX(0,1) ; H(0) ; CX(5,4) ; H(5) ; if P(4,|0>) then skip else X(3) fi ; if
    P(5,|0>) then skip else Z(3) fi ; if P(1,|0>) then skip else X(2) fi ; if
    P(0,|0>) then skip else Z(2) fi]P(2,qubitAt(initQState, 0)) /\ P(3,qubitAt(
    initQState, 5)) .
result JudgementSet: emptyJS
Bye.
