==========================================
reduce in ENTAGLE-SWAP : initQState |= [H(0) ; CX(0,1) ; H(2) ; CX(2,3) ;
    encap(Charlie || (Alice || Bob))[c13 <: 0, c13 <: 1, c23 <: 0, c23 <: 1,
    c13 :> 0, c13 :> 1, c23 :> 0, c23 :> 1]]P(0,3,EPR) .
result JudgmentSet: emptyJS
Bye.
