==========================================
reduce in SECRET-SHARING : initQState |= [H(1) ; CX(1,2) ; CX(1,3) ; (Alice ||
    Bob || Charlie)]P(3,qubitAt(initQState, 0)) .
result JudgmentSet: emptyJS
Bye.
