==========================================
reduce in SUPERDENSE : initQState |= ((([H(0) ; CX(0,1) ; (Alice2 ||' Bob)]P(0,
    |1>) /\ P(1,|0>)) /\ [H(0) ; CX(0,1) ; (Alice3 ||' Bob)]P(0,|1>) /\ P(1,
    |1>)) /\ [H(0) ; CX(0,1) ; (Alice1 ||' Bob)]P(0,|0>) /\ P(1,|1>)) /\ [H(0)
    ; CX(0,1) ; (Alice0 ||' Bob)]P(0,|0>) /\ P(1,|0>) .
result JudgmentSet: emptyJS
Bye.
