==========================================
reduce in TELEPORT : initQState |= [H(1) ; CX(1,2) ; encap(Alice || Bob)[c02 <:
    0, c02 <: 1, c12 <: 0, c12 <: 1, c02 :> 0, c02 :> 1, c12 :> 0, c12 :> 1]]P(
    2,qubitAt(initQState, 0)) .
result JudgmentSet: emptyJS
Bye.
