==========================================
reduce in TWO-TELEPORT : initQState |= [H(1) ; CX(1,2) ; H(3) ; CX(3,4) ;
    encap(Alice || Bob || Charlie)[c02 <: 0, c02 <: 1, c12 <: 0, c12 <: 1, c43
    <: 0, c43 <: 1, c53 <: 0, c53 <: 1, c02 :> 0, c02 :> 1, c12 :> 0, c12 :> 1,
    c43 :> 0, c43 :> 1, c53 :> 0, c53 :> 1]]P(2,qubitAt(initQState, 0)) /\ P(3,
    qubitAt(initQState, 5)) .
result JudgmentSet: emptyJS
Bye.
