==========================================
reduce in ENTAGLE-SWAP : initQState |= [H(0) ; CX(0,1) ; H(2) ; CX(2,3) ; CX(1,
    2) ; H(1) ; ((P(2,|0>) ? with prob == 1/2) ; skip U (P(2,|1>) ? with prob
    == 1/2) ; X(3)) ; ((P(1,|0>) ? with prob == 1/2) ; skip U (P(1,|1>) ? with
    prob == 1/2) ; Z(3)) ; SWAP(1,3)]P(0,1,EPR) .
result JudgmentSet: emptyJS
Bye.
