==========================================
reduce in TELEPORT : initQState |= [H(1) ; CX(1,2) ; CX(0,1) ; H(0) ; if P(1,
    |0>) then skip else X(2) fi ; if P(0,|0>) then skip else Z(2) fi](P(2,
    qubitAt(initQState, 0)) with prob == 1) .
result JudgmentSet: emptyJS
Bye.
